// Jest Snapshot v1, https://goo.gl/fbAQLP

exports[`Test syntax parsing with PHP 73 support https://wiki.php.net/rfc/list_reference_assignment 1`] = `
Program {
  "children": Array [
    ExpressionStatement {
      "expression": Assign {
        "kind": "assign",
        "left": List {
          "items": Array [
            Variable {
              "curly": false,
              "kind": "variable",
              "name": "a",
            },
            ByRef {
              "kind": "byref",
              "what": Variable {
                "curly": false,
                "kind": "variable",
                "name": "b",
              },
            },
          ],
          "kind": "list",
          "shortForm": true,
        },
        "operator": "=",
        "right": Variable {
          "curly": false,
          "kind": "variable",
          "name": "array",
        },
      },
      "kind": "expressionstatement",
    },
    ExpressionStatement {
      "expression": Assign {
        "kind": "assign",
        "left": List {
          "items": Array [
            Variable {
              "curly": false,
              "kind": "variable",
              "name": "a",
            },
            ByRef {
              "kind": "byref",
              "what": Variable {
                "curly": false,
                "kind": "variable",
                "name": "b",
              },
            },
          ],
          "kind": "list",
          "shortForm": false,
        },
        "operator": "=",
        "right": Variable {
          "curly": false,
          "kind": "variable",
          "name": "array",
        },
      },
      "kind": "expressionstatement",
    },
  ],
  "errors": Array [],
  "kind": "program",
}
`;
